src/components/dashboard/BalanceCard.tsx(1,1): error TS6133: 'React' is declared but its value is never read.
src/components/dashboard/IncomeExpenseCard.tsx(1,1): error TS6133: 'React' is declared but its value is never read.
src/components/dashboard/TransactionList.tsx(1,1): error TS6133: 'React' is declared but its value is never read.
